# serializer version: 1
# name: TestSystemClient.test_get_device_status_parses_fixture
  dict({
    'board': dict({
      'hwinfo': dict({
        '2_5_gigabit_port': False,
        'at_sim': True,
        'bluetooth': False,
        'console': False,
        'dsa': False,
        'dual_band_ssid': True,
        'dual_modem': False,
        'dual_sim': True,
        'esim': False,
        'ethernet': True,
        'gigabit_port': True,
        'gps': True,
        'hw_nat': False,
        'ios': True,
        'micro_usb': False,
        'mobile': True,
        'multi_tag': True,
        'nat_offloading': True,
        'poe': False,
        'port_link': True,
        'rs232': False,
        'rs485': False,
        'sd_card': False,
        'sfp_port': False,
        'soft_port_mirror': False,
        'usb': True,
        'wifi': True,
        'wps': False,
      }),
      'model': dict({
        'id': 'teltonika,rutx',
        'name': 'RUTX50',
        'platform': 'RUTX',
      }),
      'modems': list([
        dict({
          'band_list': list([
            'WCDMA_850',
            'WCDMA_900',
            'WCDMA_2100',
            'LTE_B1',
            'LTE_B3',
            'LTE_B5',
            'LTE_B7',
            'LTE_B8',
            'LTE_B20',
            'LTE_B28',
            'LTE_B32',
            'LTE_B38',
            'LTE_B40',
            'LTE_B41',
            'LTE_B42',
            'LTE_B43',
            'NSA_5G_N1',
            'NSA_5G_N3',
            'NSA_5G_N5',
            'NSA_5G_N7',
            'NSA_5G_N8',
            'NSA_5G_N20',
            'NSA_5G_N28',
            'NSA_5G_N38',
            'NSA_5G_N40',
            'NSA_5G_N41',
            'NSA_5G_N77',
            'NSA_5G_N78',
            '5G_N1',
            '5G_N3',
            '5G_N5',
            '5G_N7',
            '5G_N8',
            '5G_N20',
            '5G_N28',
            '5G_N38',
            '5G_N40',
            '5G_N41',
            '5G_N77',
            '5G_N78',
          ]),
          'boudrate': '115200',
          'builtin': True,
          'control': '2',
          'csd': False,
          'desc': 'Quectel RG50X',
          'dhcp_filter': True,
          'dynamic_mtu': True,
          'gps': '1',
          'gps_out': True,
          'id': '2-1',
          'ipv6': True,
          'modem_func_id': 2,
          'multi_apn': True,
          'num': '1',
          'operator_scan': True,
          'primary': True,
          'product': '0800',
          'revision': 'RG501QEUAAR12A11M4G_04.202.04.202',
          'simcount': 2,
          'stop_bits': '8',
          'type': 'gobinet',
          'vendor': '2c7c',
          'volte': True,
        }),
      ]),
      'network': dict({
        'lan': dict({
          'default_ip': '192.168.1.1',
          'device': 'eth0',
          'proto': 'static',
        }),
        'wan': dict({
          'device': 'eth1',
          'proto': 'dhcp',
        }),
      }),
      'network_options': dict({
        'max_mtu': 9000,
        'readonly_vlans': 2,
        'vlans': 128,
      }),
      'switch': dict({
        'switch0': dict({
          'enable': True,
          'ports': list([
            dict({
              'device': 'eth0',
              'need_tag': False,
              'num': 0,
              'want_untag': True,
            }),
            dict({
              'num': 1,
              'role': 'lan',
            }),
            dict({
              'num': 2,
              'role': 'lan',
            }),
            dict({
              'num': 3,
              'role': 'lan',
            }),
            dict({
              'num': 4,
              'role': 'lan',
            }),
            dict({
              'device': 'eth1',
              'need_tag': False,
              'num': 0,
              'want_untag': True,
            }),
            dict({
              'num': 5,
              'role': 'wan',
            }),
          ]),
          'reset': True,
          'roles': list([
            dict({
              'device': 'eth0',
              'ports': '1 2 3 4 0',
              'role': 'lan',
            }),
            dict({
              'device': 'eth1',
              'ports': '5 0',
              'role': 'wan',
            }),
          ]),
        }),
      }),
      'usb_jack': '/usb3/3-1/',
    }),
    'features': dict({
      'ipv6': True,
    }),
    'mnfinfo': dict({
      'batch': '0001',
      'blver': '3.0',
      'hwver': '0202',
      'mac': 'AABBCCDDEE01',
      'macEth': 'AABBCCDDEE02',
      'name': 'RUTX50_TEST_001',
      'serial': '1234567890',
    }),
    'static': dict({
      'board_name': 'teltonika,rutx',
      'cpu_count': 4,
      'device_name': 'RUTX50',
      'fw_build_date': '2025-09-04 14:49:05',
      'fw_version': 'RUTX_R_00.07.17.3',
      'hostname': 'RUTX50',
      'kernel': '6.6.96',
      'model': 'RUTX50',
      'release': dict({
        'description': 'OpenWrt 21.02.0 r16279-5cc0535800',
        'distribution': 'OpenWrt',
        'revision': 'r16279-5cc0535800',
        'target': 'ipq40xx/generic',
        'version': '21.02.0',
      }),
      'system': 'ARMv7 Processor rev 5 (v7l)',
    }),
  })
# ---
